MariaDB [csd2204w18]> show tables$$
+----------------------+
| Tables_in_csd2204w18 |
+----------------------+
| animals              |
| countries            |
| departments          |
| employees            |
| job_history          |
| jobs                 |
| locations            |
| manu                 |
| pet                  |
| products             |
| regions              |
+----------------------+
11 rows in set (0.00 sec)

MariaDB [csd2204w18]> create procedure job_data()
    -> select * from jobs;
    -> $$
Query OK, 0 rows affected (0.10 sec)

MariaDB [csd2204w18]> job_data()
    -> $$
ERROR 1064 (42000): You have an error in your SQL syntax; check the manual that corresponds to your MariaDB server version for the right syntax to use near 'job_data()' at line 1
MariaDB [csd2204w18]> CALL job_data()$$
+------------+---------------------------------+------------+------------+
| JOB_ID     | JOB_TITLE                       | MIN_SALARY | MAX_SALARY |
+------------+---------------------------------+------------+------------+
| AD_PRES    | President                       |      20000 |      40000 |
| AD_VP      | Administration Vice President   |      15000 |      30000 |
| AD_ASST    | Administration Assistant        |       3000 |       6000 |
| FI_MGR     | Finance Manager                 |       8200 |      16000 |
| FI_ACCOUNT | Accountant                      |       4200 |       9000 |
| AC_MGR     | Accounting Manager              |       8200 |      16000 |
| AC_ACCOUNT | Public Accountant               |       4200 |       9000 |
| SA_MAN     | Sales Manager                   |      10000 |      20000 |
| SA_REP     | Sales Representative            |       6000 |      12000 |
| PU_MAN     | Purchasing Manager              |       8000 |      15000 |
| PU_CLERK   | Purchasing Clerk                |       2500 |       5500 |
| ST_MAN     | Stock Manager                   |       5500 |       8500 |
| ST_CLERK   | Stock Clerk                     |       2000 |       5000 |
| SH_CLERK   | Shipping Clerk                  |       2500 |       5500 |
| IT_PROG    | Programmer                      |       4000 |      10000 |
| MK_MAN     | Marketing Manager               |       9000 |      15000 |
| MK_REP     | Marketing Representative        |       4000 |       9000 |
| HR_REP     | Human Resources Representative  |       4000 |       9000 |
| PR_REP     | Public Relations Representative |       4500 |      10500 |
+------------+---------------------------------+------------+------------+
19 rows in set (0.03 sec)

Query OK, 0 rows affected (0.09 sec)

MariaDB [csd2204w18]> SHOW CREATE PROCEDURE job_data$$
+-----------+--------------------------------------------+-----------------------------------------------------------------------------+----------------------+----------------------+--------------------+
| Procedure | sql_mode                                   | Create Procedure                                                            | character_set_client | collation_connection | Database Collation |
+-----------+--------------------------------------------+-----------------------------------------------------------------------------+----------------------+----------------------+--------------------+
| job_data  | NO_AUTO_CREATE_USER,NO_ENGINE_SUBSTITUTION | CREATE DEFINER=`root`@`localhost` PROCEDURE `job_data`()
select * from jobs | cp850                | cp850_general_ci     | latin1_swedish_ci  |
+-----------+--------------------------------------------+-----------------------------------------------------------------------------+----------------------+----------------------+--------------------+
1 row in set (0.00 sec)

MariaDB [csd2204w18]> CREATE PROCEDURE proc_variables()
    -> begin
    -> declare a int default 10;
    -> declare b, c int;
    -> set a = a + 100;
    -> set b = 2;
    -> SET c = a + b;
    -> BEGIN
    -> DECLARE c INT;
    -> SET c = 5;
    -> SELECT a, b, c;
    -> END;
    -> SELECT a, b, c;
    -> END$$
Query OK, 0 rows affected (0.08 sec)

MariaDB [csd2204w18]> CALL proc_Variables();
    -> &&
    -> $$
+------+------+------+
| a    | b    | c    |
+------+------+------+
|  110 |    2 |    5 |
+------+------+------+
1 row in set (0.00 sec)

+------+------+------+
| a    | b    | c    |
+------+------+------+
|  110 |    2 |  112 |
+------+------+------+
1 row in set (0.01 sec)

Query OK, 0 rows affected (0.03 sec)

ERROR 1064 (42000): You have an error in your SQL syntax; check the manual that corresponds to your MariaDB server version for the right syntax to use near '&&' at line 1
MariaDB [csd2204w18]> CALL proc_Variables()$$
+------+------+------+
| a    | b    | c    |
+------+------+------+
|  110 |    2 |    5 |
+------+------+------+
1 row in set (0.00 sec)

+------+------+------+
| a    | b    | c    |
+------+------+------+
|  110 |    2 |  112 |
+------+------+------+
1 row in set (0.01 sec)

Query OK, 0 rows affected (0.03 sec)

MariaDB [csd2204w18]> CREATE PROCEDURE proc_User_Variables()
    -> BEGIN
    -> SET @x = 15;
    -> SET @y = 10;
    -> SELECT @x, @y, @x-@y;
    -> END$$
Query OK, 0 rows affected (0.30 sec)

MariaDB [csd2204w18]> CALL proc_User_Variables();
    -> $$
+------+------+-------+
| @x   | @y   | @x-@y |
+------+------+-------+
|   15 |   10 |     5 |
+------+------+-------+
1 row in set (0.04 sec)

Query OK, 0 rows affected (0.06 sec)

MariaDB [csd2204w18]> select @x;
    -> $$
+------+
| @x   |
+------+
|   15 |
+------+
1 row in set (0.00 sec)

MariaDB [csd2204w18]> select @y$$
+------+
| @y   |
+------+
|   10 |
+------+
1 row in set (0.00 sec)

MariaDB [csd2204w18]> CREATE PROCEDURE proc_IN(IN var1 INT)
    -> BEGIN
    -> SELECT * FROM jobs LIMIT var1;
    -> END$$
Query OK, 0 rows affected (0.29 sec)

MariaDB [csd2204w18]> CALL proc_in(2)$$
+---------+-------------------------------+------------+------------+
| JOB_ID  | JOB_TITLE                     | MIN_SALARY | MAX_SALARY |
+---------+-------------------------------+------------+------------+
| AD_PRES | President                     |      20000 |      40000 |
| AD_VP   | Administration Vice President |      15000 |      30000 |
+---------+-------------------------------+------------+------------+
2 rows in set (0.00 sec)

Query OK, 0 rows affected (0.01 sec)

MariaDB [csd2204w18]> CALL proc_in(5)$$
+------------+-------------------------------+------------+------------+
| JOB_ID     | JOB_TITLE                     | MIN_SALARY | MAX_SALARY |
+------------+-------------------------------+------------+------------+
| AD_PRES    | President                     |      20000 |      40000 |
| AD_VP      | Administration Vice President |      15000 |      30000 |
| AD_ASST    | Administration Assistant      |       3000 |       6000 |
| FI_MGR     | Finance Manager               |       8200 |      16000 |
| FI_ACCOUNT | Accountant                    |       4200 |       9000 |
+------------+-------------------------------+------------+------------+
5 rows in set (0.00 sec)

Query OK, 0 rows affected (0.02 sec)

MariaDB [csd2204w18]> CREATE PROCEDURE my_proc_OUT (OUT highest_salary INT)
    -> BEGIN
    -> SELECT MAX(MAX_SALARY) INTO highest_salary FROM
    -> JOBS;
    -> END$$
Query OK, 0 rows affected (0.10 sec)

MariaDB [csd2204w18]> call my_proc_out(@m);
    -> $$
Query OK, 1 row affected (0.00 sec)

MariaDB [csd2204w18]> select @M;
    -> $$
+-------+
| @M    |
+-------+
| 40000 |
+-------+
1 row in set (0.00 sec)

MariaDB [csd2204w18]> select * from jobs;
    -> $$
+------------+---------------------------------+------------+------------+
| JOB_ID     | JOB_TITLE                       | MIN_SALARY | MAX_SALARY |
+------------+---------------------------------+------------+------------+
| AD_PRES    | President                       |      20000 |      40000 |
| AD_VP      | Administration Vice President   |      15000 |      30000 |
| AD_ASST    | Administration Assistant        |       3000 |       6000 |
| FI_MGR     | Finance Manager                 |       8200 |      16000 |
| FI_ACCOUNT | Accountant                      |       4200 |       9000 |
| AC_MGR     | Accounting Manager              |       8200 |      16000 |
| AC_ACCOUNT | Public Accountant               |       4200 |       9000 |
| SA_MAN     | Sales Manager                   |      10000 |      20000 |
| SA_REP     | Sales Representative            |       6000 |      12000 |
| PU_MAN     | Purchasing Manager              |       8000 |      15000 |
| PU_CLERK   | Purchasing Clerk                |       2500 |       5500 |
| ST_MAN     | Stock Manager                   |       5500 |       8500 |
| ST_CLERK   | Stock Clerk                     |       2000 |       5000 |
| SH_CLERK   | Shipping Clerk                  |       2500 |       5500 |
| IT_PROG    | Programmer                      |       4000 |      10000 |
| MK_MAN     | Marketing Manager               |       9000 |      15000 |
| MK_REP     | Marketing Representative        |       4000 |       9000 |
| HR_REP     | Human Resources Representative  |       4000 |       9000 |
| PR_REP     | Public Relations Representative |       4500 |      10500 |
+------------+---------------------------------+------------+------------+
19 rows in set (0.00 sec)

MariaDB [csd2204w18]> create procedure task1(in var1 INT)
    -> begin
    -> select * from jobs where min_salary > var1;
    -> END$$
Query OK, 0 rows affected (0.09 sec)

MariaDB [csd2204w18]> call task1(1000)$$
+------------+---------------------------------+------------+------------+
| JOB_ID     | JOB_TITLE                       | MIN_SALARY | MAX_SALARY |
+------------+---------------------------------+------------+------------+
| AD_PRES    | President                       |      20000 |      40000 |
| AD_VP      | Administration Vice President   |      15000 |      30000 |
| AD_ASST    | Administration Assistant        |       3000 |       6000 |
| FI_MGR     | Finance Manager                 |       8200 |      16000 |
| FI_ACCOUNT | Accountant                      |       4200 |       9000 |
| AC_MGR     | Accounting Manager              |       8200 |      16000 |
| AC_ACCOUNT | Public Accountant               |       4200 |       9000 |
| SA_MAN     | Sales Manager                   |      10000 |      20000 |
| SA_REP     | Sales Representative            |       6000 |      12000 |
| PU_MAN     | Purchasing Manager              |       8000 |      15000 |
| PU_CLERK   | Purchasing Clerk                |       2500 |       5500 |
| ST_MAN     | Stock Manager                   |       5500 |       8500 |
| ST_CLERK   | Stock Clerk                     |       2000 |       5000 |
| SH_CLERK   | Shipping Clerk                  |       2500 |       5500 |
| IT_PROG    | Programmer                      |       4000 |      10000 |
| MK_MAN     | Marketing Manager               |       9000 |      15000 |
| MK_REP     | Marketing Representative        |       4000 |       9000 |
| HR_REP     | Human Resources Representative  |       4000 |       9000 |
| PR_REP     | Public Relations Representative |       4500 |      10500 |
+------------+---------------------------------+------------+------------+
19 rows in set (0.00 sec)

Query OK, 0 rows affected (0.06 sec)

MariaDB [csd2204w18]> call task1(10000)$$
+---------+-------------------------------+------------+------------+
| JOB_ID  | JOB_TITLE                     | MIN_SALARY | MAX_SALARY |
+---------+-------------------------------+------------+------------+
| AD_PRES | President                     |      20000 |      40000 |
| AD_VP   | Administration Vice President |      15000 |      30000 |
+---------+-------------------------------+------------+------------+
2 rows in set (0.00 sec)

Query OK, 0 rows affected (0.02 sec)

MariaDB [csd2204w18]> create procedure task2(in var1 INT)
    -> $$
ERROR 1064 (42000): You have an error in your SQL syntax; check the manual that corresponds to your MariaDB server version for the right syntax to use near '' at line 1
MariaDB [csd2204w18]> create procedure task2(in var1 INT, out var2 INT)
    -> begin
    -> select count(job_id) into var2 from jobs where max_salary > var1;
    -> END$$
Query OK, 0 rows affected (0.07 sec)

MariaDB [csd2204w18]> task2(5000, @A);
    -> $$
ERROR 1064 (42000): You have an error in your SQL syntax; check the manual that corresponds to your MariaDB server version for the right syntax to use near 'task2(5000, @A)' at line 1
MariaDB [csd2204w18]> call task2(5000, @A)$$
Query OK, 1 row affected (0.00 sec)

MariaDB [csd2204w18]> select @A$$
+------+
| @A   |
+------+
|   18 |
+------+
1 row in set (0.00 sec)

MariaDB [csd2204w18]> CREATE PROCEDURE proc_INOUT (INOUT maxsalary INT, IN desig
    -> CHAR(30))
    -> BEGIN
    -> SELECT MAX_SALARY INTO maxsalary FROM jobs WHERE
    -> JOB_TITLE = desig;
    -> END$$
Query OK, 0 rows affected (0.08 sec)

MariaDB [csd2204w18]> CALL proc_INOUT(@C,'Stock Clerk')$$
Query OK, 1 row affected (0.00 sec)

MariaDB [csd2204w18]> SELECT @C$$
+------+
| @C   |
+------+
| 5000 |
+------+
1 row in set (0.00 sec)

MariaDB [csd2204w18]> CREATE PROCEDURE proc_Compare_Salary(IN desig CHAR(30))
    -> BEGIN
    -> DECLARE progSal INT;
    -> DECLARE presSal INT;
    -> SELECT MIN_SALARY INTO progSal FROM jobs WHERE JOB_TITLE = desig;
    -> SELECT MIN_SALARY INTO presSal FROM jobs WHERE JOB_TITLE = 'president';
    -> SET presSal = presSal /2;
    -> SELECT presSal;
    -> SELECT progSal;
    -> IF (progSal < presSal)
    -> THEN
    -> SELECT 'You need an increment.';
    -> ELSEIF (progSal = presSal)
    -> THEN
    -> SELECT 'Salary is moderate';
    -> ELSE
    -> SELECT 'You are earning good';
    -> END IF;
    -> END$$
Query OK, 0 rows affected (0.07 sec)

MariaDB [csd2204w18]> CALL proc_Compare_Salary('Programmer')$$
+---------+
| presSal |
+---------+
|   10000 |
+---------+
1 row in set (0.00 sec)

+---------+
| progSal |
+---------+
|    4000 |
+---------+
1 row in set (0.01 sec)

+------------------------+
| You need an increment. |
+------------------------+
| You need an increment. |
+------------------------+
1 row in set (0.03 sec)

Query OK, 0 rows affected (0.04 sec)

MariaDB [csd2204w18]> CREATE PROCEDURE proc_Case (INOUT no_employees INT, IN
    -> salary INT)
    -> BEGIN
    -> CASE
    -> WHEN (salary>10000)
    -> THEN (SELECT COUNT(job_id) INTO no_employees FROM
    -> jobs WHERE min_salary>10000);
    -> WHEN (salary<10000)
    -> THEN (SELECT COUNT(job_id) INTO no_employees FROM
    -> jobs WHERE min_salary<10000);
    -> ELSE (SELECT COUNT(job_id) INTO no_employees FROM jobs
    -> WHERE min_salary=10000);
    -> END CASE;
    -> END$$
Query OK, 0 rows affected (0.08 sec)

MariaDB [csd2204w18]> CALL proc_Case(@C,10001)$$
Query OK, 1 row affected (0.00 sec)

MariaDB [csd2204w18]> SELECT @C$$
+------+
| @C   |
+------+
|    2 |
+------+
1 row in set (0.00 sec)

MariaDB [csd2204w18]> CALL proc_Case(@C,10001);
    -> $$
Query OK, 1 row affected (0.00 sec)

MariaDB [csd2204w18]> CALL proc_Case(@C,9999)$$
Query OK, 1 row affected (0.00 sec)

MariaDB [csd2204w18]> CALL proc_Case(@C,10000)$$
Query OK, 1 row affected (0.00 sec)

MariaDB [csd2204w18]> SELECT @C$$
+------+
| @C   |
+------+
|    1 |
+------+
1 row in set (0.00 sec)

MariaDB [csd2204w18]> CREATE PROCEDURE proc_LOOP (IN num INT)
    -> BEGIN
    -> DECLARE x INT;
    -> SET x = 0;
    -> loop_label: LOOP
    -> INSERT INTO number VALUES (rand());
    -> SET x = x + 1;
    -> IF x >= num
    -> THEN LEAVE loop_label;
    -> END IF;
    -> END LOOP;
    -> END$$
Query OK, 0 rows affected (0.08 sec)

MariaDB [csd2204w18]> CALL proc_LOOP(3)$$
ERROR 1146 (42S02): Table 'csd2204w18.number' doesn't exist
MariaDB [csd2204w18]> CREATE TABLE numbers ( n1 real(3,2) );
    -> $$
Query OK, 0 rows affected (0.22 sec)

MariaDB [csd2204w18]> CALL proc_LOOP(3)$$
ERROR 1146 (42S02): Table 'csd2204w18.number' doesn't exist
MariaDB [csd2204w18]> CREATE TABLE number ( n1 real(3,2) );
    -> $$
Query OK, 0 rows affected (0.19 sec)

MariaDB [csd2204w18]> CALL proc_LOOP(3)$$
Query OK, 1 row affected (0.22 sec)

MariaDB [csd2204w18]> Select * from number$$
+------+
| n1   |
+------+
| 0.41 |
| 0.97 |
| 0.61 |
+------+
3 rows in set (0.00 sec)

MariaDB [csd2204w18]> CREATE PROCEDURE proc_REPEAT (IN n INT)
    -> BEGIN
    -> SET @sum = 0;
    -> SET @x = 1;
    -> REPEAT
    -> IF mod(@x, 2) = 0
    -> THEN SET @sum = @sum + @x;
    -> END IF;
    -> SET @x = @x + 1;
    -> UNTIL @x > n
    -> END REPEAT;
    -> END $$
Query OK, 0 rows affected (0.08 sec)

MariaDB [csd2204w18]> CALL proc_REPEAT(5)$$
Query OK, 0 rows affected (0.00 sec)

MariaDB [csd2204w18]> SELECT @sum$$
+------+
| @sum |
+------+
|    6 |
+------+
1 row in set (0.00 sec)

MariaDB [csd2204w18]> ? CREATE PROCEDURE proc_WHILE(IN n INT)

Nothing found
Please try to run 'help contents' for a list of all accessible topics

MariaDB [csd2204w18]> BEGIN
    -> SET @sum = 0;
    -> SET @x = 1;
    -> WHILE @x<n
    -> DO
    -> IF mod(@x, 2) <> 0
    -> THEN SET @sum = @sum + @x;
    -> END IF;
    -> SET @x = @x + 1;
    -> END WHILE;
    -> END$$
ERROR 1064 (42000): You have an error in your SQL syntax; check the manual that corresponds to your MariaDB server version for the right syntax to use near 'SET @sum = 0;
SET @x = 1;
WHILE @x<n
DO
IF mod(@x, 2) <> 0
THEN SET @sum = @sum ' at line 2
MariaDB [csd2204w18]> CREATE PROCEDURE proc_WHILE(IN n INT)
    -> BEGIN
    -> SET @sum = 0;
    -> SET @x = 1;
    -> WHILE @x<n
    -> DO
    -> IF mod(@x, 2) <> 0
    -> THEN SET @sum = @sum + @x;
    -> END IF;
    -> SET @x = @x + 1;
    -> END WHILE;
    -> END$$
Query OK, 0 rows affected (0.06 sec)

MariaDB [csd2204w18]> CALL proc_WHILE(5)$$
Query OK, 0 rows affected (0.00 sec)

MariaDB [csd2204w18]> SELECT @sum$$
+------+
| @sum |
+------+
|    4 |
+------+
1 row in set (0.00 sec)

MariaDB [csd2204w18]> CALL my_proc_WHILE(10)$$
ERROR 1305 (42000): PROCEDURE csd2204w18.my_proc_WHILE does not exist
MariaDB [csd2204w18]> CALL proc_WHILE(10)$$
Query OK, 0 rows affected (0.00 sec)

MariaDB [csd2204w18]> SELECT @sum$$
+------+
| @sum |
+------+
|   25 |
+------+
1 row in set (0.00 sec)

MariaDB [csd2204w18]> ALTER PROCEDURE proc_WHILE COMMENT 'Modify Comment';
    -> $$
Query OK, 0 rows affected (0.10 sec)

MariaDB [csd2204w18]> SHOW CREATE PROCEDURE proc_WHILE$$
+------------+--------------------------------------------+-------------------------------------------------------------------------------------------------------------------------------------------------------------------------------------------------------------------------------------+----------------------+----------------------+--------------------+
| Procedure  | sql_mode                                   | Create Procedure                                                                                                                                                                                                                    | character_set_client | collation_connection | Database Collation |
+------------+--------------------------------------------+-------------------------------------------------------------------------------------------------------------------------------------------------------------------------------------------------------------------------------------+----------------------+----------------------+--------------------+
| proc_WHILE | NO_AUTO_CREATE_USER,NO_ENGINE_SUBSTITUTION | CREATE DEFINER=`root`@`localhost` PROCEDURE `proc_WHILE`(IN n INT)
    COMMENT 'Modify Comment'
BEGIN
SET @sum = 0;
SET @x = 1;
WHILE @x<n
DO
IF mod(@x, 2) <> 0
THEN SET @sum = @sum + @x;
END IF;
SET @x = @x + 1;
END WHILE;
END | cp850                | cp850_general_ci     | latin1_swedish_ci  |
+------------+--------------------------------------------+-------------------------------------------------------------------------------------------------------------------------------------------------------------------------------------------------------------------------------------+----------------------+----------------------+--------------------+
1 row in set (0.00 sec)

MariaDB [csd2204w18]> DROP PROCEDURE new_procedure;
    -> $$
ERROR 1305 (42000): PROCEDURE csd2204w18.new_procedure does not exist
MariaDB [csd2204w18]> CREATE PROCEDURE proc_cursors(INOUT return_val INT)
    -> BEGIN
    -> DECLARE a,b INT;
    -> DECLARE cur_1 CURSOR FOR SELECT max_salary FROM jobs;
    -> DECLARE CONTINUE HANDLER FOR NOT FOUND SET b = 1;
    -> OPEN cur_1;
    -> REPEAT
    -> FETCH cur_1 INTO a;
    -> UNTIL b = 1
    -> END REPEAT;
    -> CLOSE cur_1;
    -> SET return_val = a;
    -> END$$
Query OK, 0 rows affected (0.08 sec)

MariaDB [csd2204w18]> create procedure findPrime(IN P INT)
    -> begin
    -> declare sqrt int;
    -> declare i int;
    -> set sqrt = ceil(sqrt(p)$$
ERROR 1064 (42000): You have an error in your SQL syntax; check the manual that corresponds to your MariaDB server version for the right syntax to use near '' at line 5
MariaDB [csd2204w18]> create procedure findPrime(IN P INT)
    -> begin
    -> declare sqrt_p int;
    -> declare i int;
    -> set sqrt_p = ceil(sqrt(p));
    -> insert into number(value) VALUES(2);
    -> set i =3;
    -> while i and (value%i)=0;
    -> set i = i+1;
    -> end while;
    -> end$$
ERROR 1064 (42000): You have an error in your SQL syntax; check the manual that corresponds to your MariaDB server version for the right syntax to use near ';
set i = i+1;
end while;
end' at line 8
MariaDB [csd2204w18]> create procedure findPrime(IN P INT)
    -> begin
    -> declare sqrt_p int;
    -> declare i int;
    -> set sqrt_p = ceil(sqrt(p));
    -> insert into number VALUES(2);
    -> set i =3;
    -> while i and (value%i)=0;
    -> set i = i+1;
    -> end while;
    -> end$$
ERROR 1064 (42000): You have an error in your SQL syntax; check the manual that corresponds to your MariaDB server version for the right syntax to use near ';
set i = i+1;
end while;
end' at line 8
MariaDB [csd2204w18]> desc number;
    -> $$
+-------+-------------+------+-----+---------+-------+
| Field | Type        | Null | Key | Default | Extra |
+-------+-------------+------+-----+---------+-------+
| n1    | double(3,2) | YES  |     | NULL    |       |
+-------+-------------+------+-----+---------+-------+
1 row in set (0.01 sec)

MariaDB [csd2204w18]> create procedure findPrime(IN P INT)
    -> begin
    -> $$
ERROR 1064 (42000): You have an error in your SQL syntax; check the manual that corresponds to your MariaDB server version for the right syntax to use near '' at line 2
MariaDB [csd2204w18]> create procedure findPrime(IN A INT, IN B INT)
    -> begin
    -> $$
ERROR 1064 (42000): You have an error in your SQL syntax; check the manual that corresponds to your MariaDB server version for the right syntax to use near '' at line 2
MariaDB [csd2204w18]> CALL proc_cursors(@R)$$
Query OK, 0 rows affected (0.00 sec)

MariaDB [csd2204w18]> SELECT @R$$
+-------+
| @R    |
+-------+
| 10500 |
+-------+
1 row in set (0.00 sec)

MariaDB [csd2204w18]> create procedure print_prime(in n int(5))
    -> begin
    -> declare i int(5) default 1;
    -> declare j int(5) default 1;
    -> declare x int(5) default 0;
    -> declare y int(5) default 0;
    -> declare str varchar(20000);
    -> set str=' ';
    -> while(j<=n) do
    ->  while(i<=j) do
    ->   if(j%i=0) then
    ->    set x=x+1;
    ->   end if;
    ->   set i=i+1;
    -> 
    ->  end while;
    -> if(x=2) then
    -> set str= concat(str,'\n',j);
    -> set y=y+1;
    -> end if;
    ->   set x=0;
    -> set i=1;
    -> set j=j+1;
    -> 
    -> end while;
    -> select str;
    -> select y as "no of prime numbers";
    -> end$$
Query OK, 0 rows affected (0.08 sec)

MariaDB [csd2204w18]> print_prime(5)$$
ERROR 1064 (42000): You have an error in your SQL syntax; check the manual that corresponds to your MariaDB server version for the right syntax to use near 'print_prime(5)' at line 1
MariaDB [csd2204w18]> call print_prime(5)$$
+---------+
| str     |
+---------+
|  
2
3
5 |
+---------+
1 row in set (0.00 sec)

+---------------------+
| no of prime numbers |
+---------------------+
|                   3 |
+---------------------+
1 row in set (0.02 sec)

Query OK, 0 rows affected (0.03 sec)

MariaDB [csd2204w18]> ? CREATE OR REPLACE PROCEDURE testError()

Nothing found
Please try to run 'help contents' for a list of all accessible topics

MariaDB [csd2204w18]> BEGIN
    -> DECLARE CONTINUE HANDLER FOR SQLEXCEPTION SELECT 'Error
    '> occured';
    -> INSERT INTO test.customer(customer_id,cust_name)
    -> VALUES(3001,"test");
    -> SELECT *FROM test.customer;
    -> END$$
ERROR 1064 (42000): You have an error in your SQL syntax; check the manual that corresponds to your MariaDB server version for the right syntax to use near 'DECLARE CONTINUE HANDLER FOR SQLEXCEPTION SELECT 'Error
occured';
INSERT INTO te' at line 2
MariaDB [csd2204w18]> CREATE OR REPLACE PROCEDURE testError()
    -> BEGIN
    -> DECLARE CONTINUE HANDLER FOR SQLEXCEPTION SELECT 'Error
    '> occured';
    -> INSERT INTO test.customer(customer_id,cust_name)
    -> VALUES(3001,"test");
    -> SELECT *FROM test.customer;
    -> END$$
Query OK, 0 rows affected (0.10 sec)

MariaDB [csd2204w18]> CALL testError()$$
+---------------+
| Error
occured |
+---------------+
| Error
occured |
+---------------+
1 row in set (0.00 sec)

+---------------+
| Error
occured |
+---------------+
| Error
occured |
+---------------+
1 row in set (0.02 sec)

Query OK, 0 rows affected (0.03 sec)

